// Vitest Snapshot v1, https://vitest.dev/guide/snapshot.html

exports[`formatReport > renders the summary table, top packages and duplicates 1`] = `
"## Page budgets

All dependencies bundled (minified ESM, code splitting on). "Initial" is the entry chunk and its static imports; "total" adds lazy chunks.
Left out because the host app already pays for them: react, react-dom.

| Page | Initial gzip | Initial brotli | Total gzip | Chunks | Budget (initial gzip) | |
| --- | ---: | ---: | ---: | ---: | ---: | --- |
| kanban+notes-page | 90.0 KB | 80.0 KB | 120.0 KB | 4 | 85.0 KB | over |
| base | 54.5 KB | 48.0 KB | 66.5 KB | 5 | 56.2 KB | ok |

### kanban+notes-page: top 2 packages

| Package | Initial gzip | Total gzip | Share of initial |
| --- | ---: | ---: | ---: |
| zod | 27.0 KB | 27.0 KB | 30.0% |
| @tessera-kit/kanban | 20.0 KB | 25.0 KB | 22.2% |

Duplicate packages: @tessera-internal/persist ×2 (kanban, notes).

### base: top 2 packages

| Package | Initial gzip | Total gzip | Share of initial |
| --- | ---: | ---: | ---: |
| zod | 27.9 KB | 27.9 KB | 51.2% |

Duplicate packages: none.
"
`;
